%!Adobe-FontList 1.13
%Locale:0x409

%BeginFont
Handler:DirectoryHandler
FontType:Type1
FontName:DINNextLTPro-Black
FamilyName:DIN Next LT Pro
StyleName:Black
FullName:DIN Next LT Pro Black
MenuName:DIN Next LT Pro Black
StyleBits:0
WritingScript:Roman
OutlineFileName:C:\Users\Jasper\Desktop\GloopCity\docs\gloopSidePosters Folder\Document fonts\DINNextLTPro-Black.otf
DataFormat:sfntData
UsesStandardEncoding:yes
isCFF:yes
FileLength:73812
FileModTime:1235398814
WeightClass:900
WidthClass:5
AngleClass:0
%EndFont

%BeginFont
Handler:DirectoryHandler
FontType:Type1
FontName:DINNextLTPro-Bold
FamilyName:DIN Next LT Pro
StyleName:Bold
FullName:DIN Next LT Pro Bold
MenuName:DIN Next LT Pro
StyleBits:2
WritingScript:Roman
OutlineFileName:C:\Users\Jasper\Desktop\GloopCity\docs\gloopSidePosters Folder\Document fonts\DINNextLTPro-Bold.otf
DataFormat:sfntData
UsesStandardEncoding:yes
isCFF:yes
FileLength:77708
FileModTime:1235398800
WeightClass:700
WidthClass:5
AngleClass:0
%EndFont

%BeginFont
Handler:DirectoryHandler
FontType:Type1
FontName:DINNextLTPro-Heavy
FamilyName:DIN Next LT Pro
StyleName:Heavy
FullName:DIN Next LT Pro Heavy
MenuName:DIN Next LT Pro Medium
StyleBits:2
WritingScript:Roman
OutlineFileName:C:\Users\Jasper\Desktop\GloopCity\docs\gloopSidePosters Folder\Document fonts\DINNextLTPro-Heavy.otf
DataFormat:sfntData
UsesStandardEncoding:yes
isCFF:yes
FileLength:78100
FileModTime:1235398806
WeightClass:750
WidthClass:5
AngleClass:0
%EndFont

%BeginFont
Handler:DirectoryHandler
FontType:Type1
FontName:DINNextLTPro-Regular
FamilyName:DIN Next LT Pro
StyleName:Regular
FullName:DIN Next LT Pro
MenuName:DIN Next LT Pro
StyleBits:0
WritingScript:Roman
OutlineFileName:C:\Users\Jasper\Desktop\GloopCity\docs\gloopSidePosters Folder\Document fonts\DINNextLTPro-Regular.otf
DataFormat:sfntData
UsesStandardEncoding:yes
isCFF:yes
FileLength:98576
FileModTime:1235398788
WeightClass:400
WidthClass:5
AngleClass:0
%EndFont

